// Jest Snapshot v1, https://goo.gl/fbAQLP

exports[`Redenring tests for ListComics ListComics snapshot test 1`] = `
<RCTSafeAreaView
  emulateUnlessSupported={true}
  style={
    Object {
      "backgroundColor": "#EDF4ED",
      "flex": 1,
      "width": "100%",
    }
  }
>
  <RCTScrollView>
    <View />
  </RCTScrollView>
</RCTSafeAreaView>
`;
